current directory: /workspace/user_portal/vendor/bundle/ruby/3.2.0/gems/rbs-4.1.3/ext/rbs_extension
/usr/bin/ruby3.2 -I/usr/lib/ruby/vendor_ruby extconf.rb
checking for whether -std=gnu99 is accepted as CFLAGS... yes
checking for whether -Wimplicit-fallthrough is accepted as CFLAGS... yes
checking for whether -Wunused-result is accepted as CFLAGS... yes
checking for whether -Wc++-compat is accepted as CFLAGS... no
checking for whether -Wnullable-to-nonnull-conversion is accepted as CFLAGS... no
checking for whether -DNDEBUG is accepted as CFLAGS... yes
creating Makefile

current directory: /workspace/user_portal/vendor/bundle/ruby/3.2.0/gems/rbs-4.1.3/ext/rbs_extension
make DESTDIR\= sitearchdir\=./.gem.20260901-7540-joqo3t sitelibdir\=./.gem.20260901-7540-joqo3t clean

current directory: /workspace/user_portal/vendor/bundle/ruby/3.2.0/gems/rbs-4.1.3/ext/rbs_extension
make DESTDIR\= sitearchdir\=./.gem.20260901-7540-joqo3t sitelibdir\=./.gem.20260901-7540-joqo3t
compiling ./../../src/ast.c
compiling ast_translation.c
compiling class_constants.c
compiling legacy_location.c
compiling ./../../src/lexer.c
compiling ./../../src/lexstate.c
compiling ./../../src/location.c
compiling main.c
compiling ./../../src/parser.c
compiling ./../../src/util/rbs_allocator.c
compiling ./../../src/util/rbs_assert.c
compiling ./../../src/util/rbs_buffer.c
compiling ./../../src/util/rbs_constant_pool.c
compiling ./../../src/util/rbs_encoding.c
compiling rbs_string_bridging.c
compiling ./../../src/util/rbs_unescape.c
compiling ./../../src/serialize.c
compiling ./../../src/string.c
linking shared-object rbs_extension.so

current directory: /workspace/user_portal/vendor/bundle/ruby/3.2.0/gems/rbs-4.1.3/ext/rbs_extension
make DESTDIR\= sitearchdir\=./.gem.20260901-7540-joqo3t sitelibdir\=./.gem.20260901-7540-joqo3t install
/usr/bin/install -c -m 0755 rbs_extension.so ./.gem.20260901-7540-joqo3t

current directory: /workspace/user_portal/vendor/bundle/ruby/3.2.0/gems/rbs-4.1.3/ext/rbs_extension
make DESTDIR\= sitearchdir\=./.gem.20260901-7540-joqo3t sitelibdir\=./.gem.20260901-7540-joqo3t clean
